// Vitest Snapshot v1, https://vitest.dev/guide/snapshot.html

exports[`InstanceStatusOverview > matches snapshot layout 1`] = `
<div
  aria-label="Instance status overview"
  class="grid grid-cols-1 gap-sm sm:grid-cols-3 max-w-3xl sm:max-w-4xl"
  role="region"
>
  <div
    class="rounded-md border p-sm shadow-sm"
  >
    <div
      class="flex items-center gap-sm"
    >
      <span
        aria-hidden="true"
        class="shrink-0 text-emerald-600"
      >
        <svg
          aria-hidden="true"
          class="lucide lucide-circle-check-big h-6 w-6"
          fill="none"
          height="24"
          stroke="currentColor"
          stroke-linecap="round"
          stroke-linejoin="round"
          stroke-width="2"
          viewBox="0 0 24 24"
          width="24"
          xmlns="http://www.w3.org/2000/svg"
        >
          <path
            d="M21.801 10A10 10 0 1 1 17 3.335"
          />
          <path
            d="m9 11 3 3L22 4"
          />
        </svg>
      </span>
      <div
        class="flex items-baseline gap-xs"
      >
        <span
          class="text-2xl font-bold leading-none text-emerald-700"
        >
          7
        </span>
        <span
          class="text-sm text-muted-foreground"
        >
          Up to date
        </span>
      </div>
    </div>
  </div>
  <div
    class="rounded-md border p-sm shadow-sm"
  >
    <div
      class="flex items-center gap-sm"
    >
      <span
        aria-hidden="true"
        class="shrink-0 text-amber-600"
      >
        <svg
          aria-hidden="true"
          class="lucide lucide-refresh-ccw h-6 w-6"
          fill="none"
          height="24"
          stroke="currentColor"
          stroke-linecap="round"
          stroke-linejoin="round"
          stroke-width="2"
          viewBox="0 0 24 24"
          width="24"
          xmlns="http://www.w3.org/2000/svg"
        >
          <path
            d="M21 12a9 9 0 0 0-9-9 9.75 9.75 0 0 0-6.74 2.74L3 8"
          />
          <path
            d="M3 3v5h5"
          />
          <path
            d="M3 12a9 9 0 0 0 9 9 9.75 9.75 0 0 0 6.74-2.74L21 16"
          />
          <path
            d="M16 16h5v5"
          />
        </svg>
      </span>
      <div
        class="flex items-baseline gap-xs"
      >
        <span
          class="text-2xl font-bold leading-none text-amber-700"
        >
          2
        </span>
        <span
          class="text-sm text-muted-foreground"
        >
          Updates available
        </span>
      </div>
    </div>
  </div>
  <div
    class="rounded-md border p-sm shadow-sm"
  >
    <div
      class="flex items-center gap-sm"
    >
      <span
        aria-hidden="true"
        class="shrink-0 text-red-600"
      >
        <svg
          aria-hidden="true"
          class="lucide lucide-circle-x h-6 w-6"
          fill="none"
          height="24"
          stroke="currentColor"
          stroke-linecap="round"
          stroke-linejoin="round"
          stroke-width="2"
          viewBox="0 0 24 24"
          width="24"
          xmlns="http://www.w3.org/2000/svg"
        >
          <circle
            cx="12"
            cy="12"
            r="10"
          />
          <path
            d="m15 9-6 6"
          />
          <path
            d="m9 9 6 6"
          />
        </svg>
      </span>
      <div
        class="flex items-baseline gap-xs"
      >
        <span
          class="text-2xl font-bold leading-none text-red-700"
        >
          0
        </span>
        <span
          class="text-sm text-muted-foreground"
        >
          Failed
        </span>
      </div>
    </div>
  </div>
</div>
`;
